// Jest Snapshot v1, https://goo.gl/fbAQLP

exports[`Pruebas en <EventModal /> debe de mostrarse correctamente 1`] = `
<div>
  <h1>
     
    Editando evento
     
  </h1>
  <hr />
  <form
    className="container"
    onSubmit={[Function]}
  >
    <div
      className="form-group"
    >
      <label>
        Fecha y hora inicio
      </label>
      <div
        className="react-datetime-picker react-datetime-picker--closed react-datetime-picker--enabled form-control"
        onFocus={[Function]}
      >
        <div
          className="react-datetime-picker__wrapper"
        >
          <div
            className="react-datetime-picker__inputGroup"
            onClick={[Function]}
          >
            <input
              max="275760-09-12T19:00"
              min="0001-01-01T00:00"
              name="datetime"
              onChange={[Function]}
              onFocus={[Function]}
              step={60}
              style={
                Object {
                  "position": "absolute",
                  "visibility": "hidden",
                  "zIndex": "-999",
                }
              }
              type="datetime-local"
              value="2022-01-15T01:00"
            />
            <input
              autoComplete="off"
              className="react-datetime-picker__inputGroup__input react-datetime-picker__inputGroup__hour"
              data-input="true"
              inputMode="numeric"
              key="input"
              max={12}
              min={1}
              name="hour12"
              onChange={[Function]}
              onFocus={[Function]}
              onKeyDown={[Function]}
              onKeyPress={[Function]}
              onKeyUp={[Function]}
              placeholder="--"
              required={null}
              type="number"
              value="1"
            />
            <span
              className="react-datetime-picker__inputGroup__divider"
            >
              :
            </span>
            Array [
              <span
                className="react-datetime-picker__inputGroup__leadingZero"
                key="leadingZero"
              >
                0
              </span>,
              <input
                autoComplete="off"
                autoFocus={false}
                className="react-datetime-picker__inputGroup__input react-datetime-picker__inputGroup__minute react-datetime-picker__inputGroup__input--hasLeadingZero"
                data-input="true"
                inputMode="numeric"
                key="input"
                max={59}
                min={0}
                name="minute"
                onChange={[Function]}
                onFocus={[Function]}
                onKeyDown={[Function]}
                onKeyPress={[Function]}
                onKeyUp={[Function]}
                placeholder="--"
                required={null}
                type="number"
                value="0"
              />,
            ]
            <span
              className="react-datetime-picker__inputGroup__divider"
            >
               
            </span>
            <select
              className="react-datetime-picker__inputGroup__input react-datetime-picker__inputGroup__amPm"
              data-input="true"
              data-select="true"
              name="amPm"
              onChange={[Function]}
              required={null}
              value="am"
            >
              <option
                value="am"
              >
                AM
              </option>
              <option
                value="pm"
              >
                PM
              </option>
            </select>
            <span
              className="react-datetime-picker__inputGroup__divider"
            >
               
            </span>
            <input
              autoComplete="off"
              autoFocus={false}
              className="react-datetime-picker__inputGroup__input react-datetime-picker__inputGroup__day"
              data-input="true"
              inputMode="numeric"
              key="input"
              max={31}
              min={1}
              name="day"
              onChange={[Function]}
              onFocus={[Function]}
              onKeyDown={[Function]}
              onKeyPress={[Function]}
              onKeyUp={[Function]}
              placeholder="--"
              required={null}
              type="number"
              value="15"
            />
            <span
              className="react-datetime-picker__inputGroup__divider"
            >
              -
            </span>
            Array [
              <span
                className="react-datetime-picker__inputGroup__leadingZero"
                key="leadingZero"
              >
                0
              </span>,
              <input
                autoComplete="off"
                autoFocus={false}
                className="react-datetime-picker__inputGroup__input react-datetime-picker__inputGroup__month react-datetime-picker__inputGroup__input--hasLeadingZero"
                data-input="true"
                inputMode="numeric"
                key="input"
                max={12}
                min={1}
                name="month"
                onChange={[Function]}
                onFocus={[Function]}
                onKeyDown={[Function]}
                onKeyPress={[Function]}
                onKeyUp={[Function]}
                placeholder="--"
                required={null}
                type="number"
                value="1"
              />,
            ]
            <span
              className="react-datetime-picker__inputGroup__divider"
            >
              -
            </span>
            <input
              autoComplete="off"
              autoFocus={false}
              className="react-datetime-picker__inputGroup__input react-datetime-picker__inputGroup__year"
              data-input="true"
              inputMode="numeric"
              key="input"
              max={275760}
              min={1}
              name="year"
              onChange={[Function]}
              onFocus={[Function]}
              onKeyDown={[Function]}
              onKeyPress={[Function]}
              onKeyUp={[Function]}
              placeholder="----"
              required={null}
              step={1}
              type="number"
              value="2022"
            />
          </div>
          <button
            className="react-datetime-picker__clear-button react-datetime-picker__button"
            onClick={[Function]}
            onFocus={[Function]}
            type="button"
          >
            <svg
              className="react-datetime-picker__clear-button__icon react-datetime-picker__button__icon"
              height={19}
              stroke="black"
              strokeWidth={2}
              viewBox="0 0 19 19"
              width={19}
              xmlns="http://www.w3.org/2000/svg"
            >
              <line
                x1="4"
                x2="15"
                y1="4"
                y2="15"
              />
              <line
                x1="15"
                x2="4"
                y1="4"
                y2="15"
              />
            </svg>
          </button>
          <button
            className="react-datetime-picker__calendar-button react-datetime-picker__button"
            onClick={[Function]}
            onFocus={[Function]}
            type="button"
          >
            <svg
              className="react-datetime-picker__calendar-button__icon react-datetime-picker__button__icon"
              height={19}
              stroke="black"
              strokeWidth={2}
              viewBox="0 0 19 19"
              width={19}
              xmlns="http://www.w3.org/2000/svg"
            >
              <rect
                fill="none"
                height="15"
                width="15"
                x="2"
                y="2"
              />
              <line
                x1="6"
                x2="6"
                y1="0"
                y2="4"
              />
              <line
                x1="13"
                x2="13"
                y1="0"
                y2="4"
              />
            </svg>
          </button>
        </div>
      </div>
    </div>
    <div>
      <label>
        Fecha y hora fin
      </label>
      <div
        className="react-datetime-picker react-datetime-picker--closed react-datetime-picker--enabled form-control"
        onFocus={[Function]}
      >
        <div
          className="react-datetime-picker__wrapper"
        >
          <div
            className="react-datetime-picker__inputGroup"
            onClick={[Function]}
          >
            <input
              max="275760-09-12T19:00"
              min="2022-01-15T01:00"
              name="datetime"
              onChange={[Function]}
              onFocus={[Function]}
              step={60}
              style={
                Object {
                  "position": "absolute",
                  "visibility": "hidden",
                  "zIndex": "-999",
                }
              }
              type="datetime-local"
              value="2022-01-15T02:00"
            />
            <input
              autoComplete="off"
              className="react-datetime-picker__inputGroup__input react-datetime-picker__inputGroup__hour"
              data-input="true"
              inputMode="numeric"
              key="input"
              max={12}
              min={1}
              name="hour12"
              onChange={[Function]}
              onFocus={[Function]}
              onKeyDown={[Function]}
              onKeyPress={[Function]}
              onKeyUp={[Function]}
              placeholder="--"
              required={null}
              type="number"
              value="2"
            />
            <span
              className="react-datetime-picker__inputGroup__divider"
            >
              :
            </span>
            Array [
              <span
                className="react-datetime-picker__inputGroup__leadingZero"
                key="leadingZero"
              >
                0
              </span>,
              <input
                autoComplete="off"
                autoFocus={false}
                className="react-datetime-picker__inputGroup__input react-datetime-picker__inputGroup__minute react-datetime-picker__inputGroup__input--hasLeadingZero"
                data-input="true"
                inputMode="numeric"
                key="input"
                max={59}
                min={0}
                name="minute"
                onChange={[Function]}
                onFocus={[Function]}
                onKeyDown={[Function]}
                onKeyPress={[Function]}
                onKeyUp={[Function]}
                placeholder="--"
                required={null}
                type="number"
                value="0"
              />,
            ]
            <span
              className="react-datetime-picker__inputGroup__divider"
            >
               
            </span>
            <select
              className="react-datetime-picker__inputGroup__input react-datetime-picker__inputGroup__amPm"
              data-input="true"
              data-select="true"
              name="amPm"
              onChange={[Function]}
              required={null}
              value="am"
            >
              <option
                value="am"
              >
                AM
              </option>
              <option
                value="pm"
              >
                PM
              </option>
            </select>
            <span
              className="react-datetime-picker__inputGroup__divider"
            >
               
            </span>
            <input
              autoComplete="off"
              autoFocus={false}
              className="react-datetime-picker__inputGroup__input react-datetime-picker__inputGroup__day"
              data-input="true"
              inputMode="numeric"
              key="input"
              max={31}
              min={15}
              name="day"
              onChange={[Function]}
              onFocus={[Function]}
              onKeyDown={[Function]}
              onKeyPress={[Function]}
              onKeyUp={[Function]}
              placeholder="--"
              required={null}
              type="number"
              value="15"
            />
            <span
              className="react-datetime-picker__inputGroup__divider"
            >
              -
            </span>
            Array [
              <span
                className="react-datetime-picker__inputGroup__leadingZero"
                key="leadingZero"
              >
                0
              </span>,
              <input
                autoComplete="off"
                autoFocus={false}
                className="react-datetime-picker__inputGroup__input react-datetime-picker__inputGroup__month react-datetime-picker__inputGroup__input--hasLeadingZero"
                data-input="true"
                inputMode="numeric"
                key="input"
                max={12}
                min={1}
                name="month"
                onChange={[Function]}
                onFocus={[Function]}
                onKeyDown={[Function]}
                onKeyPress={[Function]}
                onKeyUp={[Function]}
                placeholder="--"
                required={null}
                type="number"
                value="1"
              />,
            ]
            <span
              className="react-datetime-picker__inputGroup__divider"
            >
              -
            </span>
            <input
              autoComplete="off"
              autoFocus={false}
              className="react-datetime-picker__inputGroup__input react-datetime-picker__inputGroup__year"
              data-input="true"
              inputMode="numeric"
              key="input"
              max={275760}
              min={2022}
              name="year"
              onChange={[Function]}
              onFocus={[Function]}
              onKeyDown={[Function]}
              onKeyPress={[Function]}
              onKeyUp={[Function]}
              placeholder="----"
              required={null}
              step={1}
              type="number"
              value="2022"
            />
          </div>
          <button
            className="react-datetime-picker__clear-button react-datetime-picker__button"
            onClick={[Function]}
            onFocus={[Function]}
            type="button"
          >
            <svg
              className="react-datetime-picker__clear-button__icon react-datetime-picker__button__icon"
              height={19}
              stroke="black"
              strokeWidth={2}
              viewBox="0 0 19 19"
              width={19}
              xmlns="http://www.w3.org/2000/svg"
            >
              <line
                x1="4"
                x2="15"
                y1="4"
                y2="15"
              />
              <line
                x1="15"
                x2="4"
                y1="4"
                y2="15"
              />
            </svg>
          </button>
          <button
            className="react-datetime-picker__calendar-button react-datetime-picker__button"
            onClick={[Function]}
            onFocus={[Function]}
            type="button"
          >
            <svg
              className="react-datetime-picker__calendar-button__icon react-datetime-picker__button__icon"
              height={19}
              stroke="black"
              strokeWidth={2}
              viewBox="0 0 19 19"
              width={19}
              xmlns="http://www.w3.org/2000/svg"
            >
              <rect
                fill="none"
                height="15"
                width="15"
                x="2"
                y="2"
              />
              <line
                x1="6"
                x2="6"
                y1="0"
                y2="4"
              />
              <line
                x1="13"
                x2="13"
                y1="0"
                y2="4"
              />
            </svg>
          </button>
        </div>
      </div>
    </div>
    <hr />
    <div
      className="form-group"
    >
      <label>
        Titulo y notas
      </label>
      <input
        autoComplete="off"
        className="form-control false "
        name="title"
        onChange={[Function]}
        placeholder="Título del evento"
        type="text"
        value="Hola mundo"
      />
      <small
        className="form-text text-muted"
        id="emailHelp"
      >
        Una descripción corta
      </small>
    </div>
    <div
      className="form-group"
    >
      <textarea
        className="form-control"
        name="notes"
        onChange={[Function]}
        placeholder="Notas"
        rows="5"
        type="text"
        value="Algunas notas"
      />
      <small
        className="form-text text-muted"
        id="emailHelp"
      >
        Información adicional
      </small>
    </div>
    <button
      className="btn btn-outline-primary btn-block"
      type="submit"
    >
      <i
        className="far fa-save"
      />
      <span>
         Guardar
      </span>
    </button>
  </form>
</div>
`;
